main.c:79:6:set_LEDS	24	static
main.c:84:6:display7SEG	16	static
main.c:89:6:set_state	24	static
main.c:100:6:update7SEG	16	static
main.c:124:6:updateClockBuffer	4	static
main.c:159:6:rows_all_off	16	static
main.c:166:6:row_on	16	static
main.c:170:6:update_matrix_buffer	4	static
main.c:180:6:set_COL	24	static
main.c:186:6:set_ROW	24	static
main.c:194:6:updateLEDMatrix	16	static
main.c:207:5:main	8	static
main.c:321:6:SystemClock_Config	72	static
main.c:357:13:MX_TIM2_Init	32	static
main.c:402:13:MX_GPIO_Init	32	static
main.c:452:6:HAL_TIM_PeriodElapsedCallback	16	static
main.c:462:6:Error_Handler	4	static,ignoring_inline_asm
